// Jest Snapshot v1, https://goo.gl/fbAQLP

exports[`renders correctly 1`] = `
<div
  style={
    Object {
      "margin": 10,
    }
  }
>
  <div
    style={
      Object {
        "fontWeight": "bold",
      }
    }
  />
  <div>
    Invalid Date
  </div>
  <div>
     
  </div>
  <div
    style={
      Object {
        "paddingLeft": 10,
      }
    }
  />
</div>
`;
